// Jest Snapshot v1, https://goo.gl/fbAQLP

exports[`App render 1`] = `
<div
  data-test-name="tab-content"
>
  <h2>
    Any content 2
  </h2>
</div>
`;
